0it [00:00, ?it/s]  0%|          | 0/9912422 [00:00<?, ?it/s]  1%|          | 98304/9912422 [00:00<00:13, 737010.54it/s]  6%|6         | 614400/9912422 [00:00<00:09, 992098.71it/s] 21%|##1       | 2105344/9912422 [00:00<00:05, 1377967.92it/s] 63%|######3   | 6291456/9912422 [00:00<00:01, 1941048.51it/s] 91%|#########1| 9035776/9912422 [00:00<00:00, 2691158.81it/s]9920512it [00:00, 13788149.50it/s]                            
0it [00:00, ?it/s]  0%|          | 0/28881 [00:00<?, ?it/s]32768it [00:00, 191384.24it/s]           
0it [00:00, ?it/s]  1%|          | 16384/1648877 [00:00<00:15, 106443.96it/s] 11%|#1        | 188416/1648877 [00:00<00:09, 148040.33it/s] 92%|#########2| 1523712/1648877 [00:00<00:00, 210484.35it/s]1654784it [00:00, 4594974.18it/s]                            
0it [00:00, ?it/s]8192it [00:00, 203597.58it/s]
